// Jest Snapshot v1, https://goo.gl/fbAQLP

exports[`renders learn react link 1`] = `
<div
  className="makeStyles-root-1"
>
  <header
    className="MuiPaper-root MuiPaper-elevation4 MuiAppBar-root MuiAppBar-positionAbsolute makeStyles-appBar-4 MuiAppBar-colorPrimary"
  >
    <div
      className="MuiToolbar-root MuiToolbar-regular makeStyles-toolbar-2 MuiToolbar-gutters"
    >
      <h1
        className="MuiTypography-root makeStyles-title-7 MuiTypography-h6 MuiTypography-colorInherit MuiTypography-noWrap"
      >
        Minimis
      </h1>
      LIGHT
      <label
        className="MuiFormControlLabel-root"
      >
        <span
          className="MuiSwitch-root"
        >
          <span
            aria-disabled={false}
            className="MuiButtonBase-root MuiIconButton-root PrivateSwitchBase-root-103 MuiSwitch-switchBase MuiSwitch-colorSecondary"
            onBlur={[Function]}
            onDragLeave={[Function]}
            onFocus={[Function]}
            onKeyDown={[Function]}
            onKeyUp={[Function]}
            onMouseDown={[Function]}
            onMouseLeave={[Function]}
            onMouseUp={[Function]}
            onTouchEnd={[Function]}
            onTouchMove={[Function]}
            onTouchStart={[Function]}
            tabIndex={null}
          >
            <span
              className="MuiIconButton-label"
            >
              <input
                className="PrivateSwitchBase-input-106 MuiSwitch-input"
                disabled={false}
                onChange={[Function]}
                type="checkbox"
              />
              <span
                className="MuiSwitch-thumb"
              />
            </span>
          </span>
          <span
            className="MuiSwitch-track"
          />
        </span>
        <span
          className="MuiTypography-root MuiFormControlLabel-label MuiTypography-body1"
        >
          DARK
        </span>
      </label>
      <a
        aria-disabled={false}
        className="MuiButtonBase-root MuiButton-root MuiButton-outlined MuiButton-outlinedPrimary"
        href="#"
        onBlur={[Function]}
        onClick={[Function]}
        onDragLeave={[Function]}
        onFocus={[Function]}
        onKeyDown={[Function]}
        onKeyUp={[Function]}
        onMouseDown={[Function]}
        onMouseLeave={[Function]}
        onMouseUp={[Function]}
        onTouchEnd={[Function]}
        onTouchMove={[Function]}
        onTouchStart={[Function]}
        tabIndex={0}
      >
        <span
          className="MuiButton-label"
        >
          Log out
        </span>
      </a>
    </div>
  </header>
  <main
    className="makeStyles-content-12"
  >
    <div
      className="makeStyles-appBarSpacer-11"
    />
    <div
      className="MuiContainer-root makeStyles-container-13 MuiContainer-maxWidthLg"
    >
      <div
        className="MuiGrid-root MuiGrid-container MuiGrid-spacing-xs-3"
      >
        <div
          className="MuiGrid-root MuiGrid-item MuiGrid-grid-xs-12"
        />
      </div>
    </div>
  </main>
</div>
`;
